=== tools/call lore_appraise "amber falcon causeway ledger"
  🔮 1 result(s) for "amber falcon causeway ledger":
    Evidence candidates; answer relevance is unverified.
    LORE-<N> [e2eproj/observation · current · <AGE> ago]  amber falcon causeway ledger
    Concurrency net entry "amber falcon causeway ledger" from session 0.
=== tools/call lore_appraise "basalt otter signal tower"
  🔮 1 result(s) for "basalt otter signal tower":
    Evidence candidates; answer relevance is unverified.
    LORE-<N> [e2eproj/observation · current · <AGE> ago]  basalt otter signal tower
    Concurrency net entry "basalt otter signal tower" from session 0.
=== tools/call lore_appraise "crimson moth tidal archive"
  🔮 1 result(s) for "crimson moth tidal archive":
    Evidence candidates; answer relevance is unverified.
    LORE-<N> [e2eproj/observation · current · <AGE> ago]  crimson moth tidal archive
    Concurrency net entry "crimson moth tidal archive" from session 0.
=== tools/call lore_appraise "dappled lynx orchard census"
  🔮 1 result(s) for "dappled lynx orchard census":
    Evidence candidates; answer relevance is unverified.
    LORE-<N> [e2eproj/observation · current · <AGE> ago]  dappled lynx orchard census
    Concurrency net entry "dappled lynx orchard census" from session 0.
=== tools/call lore_appraise "ebony wren harbor manifest"
  🔮 1 result(s) for "ebony wren harbor manifest":
    Evidence candidates; answer relevance is unverified.
    LORE-<N> [e2eproj/observation · current · <AGE> ago]  ebony wren harbor manifest
    Concurrency net entry "ebony wren harbor manifest" from session 0.
=== tools/call lore_appraise "fennel ibis quarry beacon"
  🔮 1 result(s) for "fennel ibis quarry beacon":
    Evidence candidates; answer relevance is unverified.
    LORE-<N> [e2eproj/observation · current · <AGE> ago]  fennel ibis quarry beacon
    Concurrency net entry "fennel ibis quarry beacon" from session 1.
=== tools/call lore_appraise "gilded newt summit registry"
  🔮 1 result(s) for "gilded newt summit registry":
    Evidence candidates; answer relevance is unverified.
    LORE-<N> [e2eproj/observation · current · <AGE> ago]  gilded newt summit registry
    Concurrency net entry "gilded newt summit registry" from session 1.
=== tools/call lore_appraise "hollow stag lantern depot"
  🔮 1 result(s) for "hollow stag lantern depot":
    Evidence candidates; answer relevance is unverified.
    LORE-<N> [e2eproj/observation · current · <AGE> ago]  hollow stag lantern depot
    Concurrency net entry "hollow stag lantern depot" from session 1.
=== tools/call lore_appraise "ivory crane meadow almanac"
  🔮 1 result(s) for "ivory crane meadow almanac":
    Evidence candidates; answer relevance is unverified.
    LORE-<N> [e2eproj/observation · current · <AGE> ago]  ivory crane meadow almanac
    Concurrency net entry "ivory crane meadow almanac" from session 1.
=== tools/call lore_appraise "jasper vole canyon gazette"
  🔮 1 result(s) for "jasper vole canyon gazette":
    Evidence candidates; answer relevance is unverified.
    LORE-<N> [e2eproj/observation · current · <AGE> ago]  jasper vole canyon gazette
    Concurrency net entry "jasper vole canyon gazette" from session 1.
=== summary
  entries verified: 10 of 10
